// Jest Snapshot v1, https://goo.gl/fbAQLP

exports[`snapshot testing snapshot for Profile component 1`] = `
<div
  className="reserve-rockets"
>
  <div
    className="container"
  >
    <h1>
      My
      Rockets
    </h1>
    <p
      className="no-reserve"
    >
      No Reservation
    </p>
  </div>
  <div
    className="container"
  >
    <h1>
      My
      Mission
    </h1>
    <p
      className="no-reserve"
    >
      No Mission Joined
    </p>
  </div>
</div>
`;
